test_dictionary_reports_do_not_swallow_task_events (test_issue30_journal_reports.JournalShapeTests.test_dictionary_reports_do_not_swallow_task_events) ... ok
test_non_dictionary_optional_entries_do_not_break_task_logging (test_issue30_journal_reports.JournalShapeTests.test_non_dictionary_optional_entries_do_not_break_task_logging) ... ok
test_only_targeted_volatile_fields_are_suppressed (test_issue30_journal_reports.JournalShapeTests.test_only_targeted_volatile_fields_are_suppressed) ... ok
test_real_planner_report_reaches_emit_without_mutating_actions (test_issue30_journal_reports.JournalShapeTests.test_real_planner_report_reaches_emit_without_mutating_actions) ... ok
test_submission_end_and_new_task_after_round43_both_teams (test_issue30_journal_reports.JournalShapeTests.test_submission_end_and_new_task_after_round43_both_teams) ... ok
test_actual_http_bytes_unchanged_when_trace_fails (test_task_journal.TaskJournalTests.test_actual_http_bytes_unchanged_when_trace_fails) ... ok
test_agent_stop_reason_and_counts_change_without_repeating_idle (test_task_journal.TaskJournalTests.test_agent_stop_reason_and_counts_change_without_repeating_idle) ... ok
test_bounded_streams_and_long_content_redacted_before_truncation (test_task_journal.TaskJournalTests.test_bounded_streams_and_long_content_redacted_before_truncation) ... ok
test_catalog_effects_are_sourced_without_inventing_unknown_items (test_task_journal.TaskJournalTests.test_catalog_effects_are_sourced_without_inventing_unknown_items) ... ok
test_console_without_trace_and_off_or_broken_sink_are_safe (test_task_journal.TaskJournalTests.test_console_without_trace_and_off_or_broken_sink_are_safe) ... ok
test_gap_reset_and_teams_do_not_share_context (test_task_journal.TaskJournalTests.test_gap_reset_and_teams_do_not_share_context) ... ok
test_offline_export_keeps_full_task_text_and_trace_quality_without_maps (test_task_journal.TaskJournalTests.test_offline_export_keeps_full_task_text_and_trace_quality_without_maps) ... ok
test_question_model_tool_answer_and_end_are_visible_without_inferred_success (test_task_journal.TaskJournalTests.test_question_model_tool_answer_and_end_are_visible_without_inferred_success) ... ok
test_repeated_results_are_suppressed_but_new_identical_requests_are_not (test_task_journal.TaskJournalTests.test_repeated_results_are_suppressed_but_new_identical_requests_are_not) ... ok
test_trading_catalog_distinguishes_missing_empty_and_invalid (test_task_journal.TaskJournalTests.test_trading_catalog_distinguishes_missing_empty_and_invalid) ... ok
test_trading_catalog_is_bounded_and_keeps_new_games_separate (test_task_journal.TaskJournalTests.test_trading_catalog_is_bounded_and_keeps_new_games_separate) ... ok
test_trading_catalog_lists_observed_positions_prices_and_changes_only (test_task_journal.TaskJournalTests.test_trading_catalog_lists_observed_positions_prices_and_changes_only) ... ok
test_cat_echo_llm_claims_and_stale_outputs_are_not_checks (test_task_progress.ProgressTests.test_cat_echo_llm_claims_and_stale_outputs_are_not_checks) ... ok
test_check_failure_timeout_and_truncation_never_pass (test_task_progress.ProgressTests.test_check_failure_timeout_and_truncation_never_pass) ... ok
test_check_submit_and_increased_score_do_not_invent_success (test_task_progress.ProgressTests.test_check_submit_and_increased_score_do_not_invent_success) ... ok
test_failed_answer_then_resubmit_records_both_attempts (test_task_progress.ProgressTests.test_failed_answer_then_resubmit_records_both_attempts) ... ok
test_final_answer_error_is_visible_without_changing_legacy_unknown (test_task_progress.ProgressTests.test_final_answer_error_is_visible_without_changing_legacy_unknown) ... ok
test_gap_replacement_and_streams_do_not_transfer_check_success (test_task_progress.ProgressTests.test_gap_replacement_and_streams_do_not_transfer_check_success) ... ok
test_reset_duplicate_and_idle_do_not_create_extra_summaries (test_task_progress.ProgressTests.test_reset_duplicate_and_idle_do_not_create_extra_summaries) ... ok
test_structured_check_uses_inner_exit_and_output (test_task_progress.ProgressTests.test_structured_check_uses_inner_exit_and_output) ... ok
test_accept_and_submit_counts_survive_rollups (test_console_digest.AggregationTests.test_accept_and_submit_counts_survive_rollups) ... ok
test_base_death_is_preserved_as_critical (test_console_digest.AggregationTests.test_base_death_is_preserved_as_critical) ... ok
test_base_thresholds_do_not_flood_every_hit (test_console_digest.AggregationTests.test_base_thresholds_do_not_flood_every_hit) ... ok
test_first_anomalies_are_emitted_once_each (test_console_digest.AggregationTests.test_first_anomalies_are_emitted_once_each) ... ok
test_periodic_rollup_aggregates_repeated_actions (test_console_digest.AggregationTests.test_periodic_rollup_aggregates_repeated_actions) ... ok
test_phase_change_is_emitted_once (test_console_digest.AggregationTests.test_phase_change_is_emitted_once) ... ok
test_repeated_errors_are_conserved_across_windows (test_console_digest.AggregationTests.test_repeated_errors_are_conserved_across_windows) ... ok
test_round_one_starts_a_stream (test_console_digest.AggregationTests.test_round_one_starts_a_stream) ... ok
test_absent_report_preserves_the_old_shape (test_console_digest.DecisionReportTests.test_absent_report_preserves_the_old_shape) ... ok
test_relevant_robots_is_a_count_not_an_id_list (test_console_digest.DecisionReportTests.test_relevant_robots_is_a_count_not_an_id_list) ... ok
test_report_is_bounded_and_allowlisted (test_console_digest.DecisionReportTests.test_report_is_bounded_and_allowlisted) ... ok
test_report_with_nothing_usable_is_omitted (test_console_digest.DecisionReportTests.test_report_with_nothing_usable_is_omitted) ... ok
test_supervisor_and_task_transitions_are_compact_signals (test_console_digest.DecisionReportTests.test_supervisor_and_task_transitions_are_compact_signals) ... ok
test_all_weapons_cooling (test_console_digest.EmptyClassificationTests.test_all_weapons_cooling) ... ok
test_observed_no_robots (test_console_digest.EmptyClassificationTests.test_observed_no_robots) ... ok
test_ready_weapons_with_observed_robots (test_console_digest.EmptyClassificationTests.test_ready_weapons_with_observed_robots) ... ok
test_unknown_cooldown_does_not_fabricate_a_reason (test_console_digest.EmptyClassificationTests.test_unknown_cooldown_does_not_fabricate_a_reason) ... ok
test_periodic_summary_keeps_economy_weapon_levels_and_controller_ids (test_console_digest.IntegratedWindowTests.test_periodic_summary_keeps_economy_weapon_levels_and_controller_ids) ... ok
test_walking_distance_does_not_emit_a_supervisor_line_each_round (test_console_digest.IntegratedWindowTests.test_walking_distance_does_not_emit_a_supervisor_line_each_round) ... ok
test_window_ranges_and_boundary_damage_are_exact (test_console_digest.IntegratedWindowTests.test_window_ranges_and_boundary_damage_are_exact) ... ok
test_late_http_summary_does_not_fake_restart_or_hp_drop (test_console_digest.LateCompletionTests.test_late_http_summary_does_not_fake_restart_or_hp_drop) ... ok
test_console_failure_cannot_change_http_response (test_console_digest.ModeTests.test_console_failure_cannot_change_http_response) ... ok
test_emit_summary_is_fail_open_with_a_broken_sink (test_console_digest.ModeTests.test_emit_summary_is_fail_open_with_a_broken_sink) ... ok
test_full_mode_restores_the_json_line (test_console_digest.ModeTests.test_full_mode_restores_the_json_line) ... ok
test_off_mode_silences_only_the_console (test_console_digest.ModeTests.test_off_mode_silences_only_the_console) ... ok
test_unknown_mode_falls_back_to_compact (test_console_digest.ModeTests.test_unknown_mode_falls_back_to_compact) ... ok
test_duplicate_round_is_not_double_counted (test_console_digest.StreamTests.test_duplicate_round_is_not_double_counted) ... ok
test_every_compact_line_carries_a_stream_label (test_console_digest.StreamTests.test_every_compact_line_carries_a_stream_label) ... ok
test_missing_fields_are_unknown_and_do_not_crash (test_console_digest.StreamTests.test_missing_fields_are_unknown_and_do_not_crash) ... ok
test_parallel_streams_are_isolated (test_console_digest.StreamTests.test_parallel_streams_are_isolated) ... ok
test_restart_emits_the_stream_label_and_previous_round (test_console_digest.StreamTests.test_restart_emits_the_stream_label_and_previous_round) ... ok
test_restart_flushes_pending_rollup_before_resetting (test_console_digest.StreamTests.test_restart_flushes_pending_rollup_before_resetting) ... ok
test_retained_streams_are_bounded (test_console_digest.StreamTests.test_retained_streams_are_bounded) ... ok
test_same_round_with_changed_payload_keeps_counts_and_anomaly (test_console_digest.StreamTests.test_same_round_with_changed_payload_keeps_counts_and_anomaly) ... ok
test_every_turn_is_still_recorded_when_the_console_is_off (test_console_digest.TraceIndependenceTests.test_every_turn_is_still_recorded_when_the_console_is_off) ... ok
test_callback_failure_does_not_lose_later_summaries (test_ordered_diagnostics.OrderedDiagnosticsTests.test_callback_failure_does_not_lose_later_summaries) ... diagnostics_summary_failed
ok
test_later_http_write_cannot_overtake_earlier_summary (test_ordered_diagnostics.OrderedDiagnosticsTests.test_later_http_write_cannot_overtake_earlier_summary) ... ok
test_slow_logger_does_not_block_response_completion_or_fill_without_bound (test_ordered_diagnostics.OrderedDiagnosticsTests.test_slow_logger_does_not_block_response_completion_or_fill_without_bound) ... diagnostics_queue_dropped count=1
ok
test_task_check_association_survives_delayed_earlier_post_write_work (test_ordered_diagnostics.OrderedDiagnosticsTests.test_task_check_association_survives_delayed_earlier_post_write_work) ... ok
test_absent_or_non_list_errors_stay_unknown_not_zero (test_diagnostics.ErrorAndEnrichmentTests.test_absent_or_non_list_errors_stay_unknown_not_zero) ... ok
test_bounded_evidence_from_the_actual_request (test_diagnostics.ErrorAndEnrichmentTests.test_bounded_evidence_from_the_actual_request) ... ok
test_decision_report_is_optional_and_bounded (test_diagnostics.ErrorAndEnrichmentTests.test_decision_report_is_optional_and_bounded) ... ok
test_empty_error_list_is_an_observed_zero (test_diagnostics.ErrorAndEnrichmentTests.test_empty_error_list_is_an_observed_zero) ... ok
test_malformed_error_values_count_as_unknown (test_diagnostics.ErrorAndEnrichmentTests.test_malformed_error_values_count_as_unknown) ... ok
test_missing_target_team_stays_unknown (test_diagnostics.ErrorAndEnrichmentTests.test_missing_target_team_stays_unknown) ... ok
test_mixed_error_codes_are_categorized_exactly (test_diagnostics.ErrorAndEnrichmentTests.test_mixed_error_codes_are_categorized_exactly) ... ok
test_task_and_answer_failures_are_not_protocol_errors (test_diagnostics.ErrorAndEnrichmentTests.test_task_and_answer_failures_are_not_protocol_errors) ... ok
test_missing_manifest_in_repo_checkout_uses_git_commit (test_diagnostics.IdentityTests.test_missing_manifest_in_repo_checkout_uses_git_commit) ... ok
test_tampered_manifest_is_not_trusted (test_diagnostics.IdentityTests.test_tampered_manifest_is_not_trusted) ... ok
test_unsafe_manifest_paths_are_rejected_without_echo (test_diagnostics.IdentityTests.test_unsafe_manifest_paths_are_rejected_without_echo) ... ok
test_verified_manifest_outranks_parent_git_commit (test_diagnostics.IdentityTests.test_verified_manifest_outranks_parent_git_commit) ... ok
test_boolean_pending_state_and_advice_survive (test_diagnostics.IntegratedDecisionTests.test_boolean_pending_state_and_advice_survive) ... ok
test_channel_only_response_is_distinguished_from_truly_empty (test_diagnostics.SummaryTests.test_channel_only_response_is_distinguished_from_truly_empty) ... ok
test_command_tally_keeps_unknown_actions_out_of_named_buckets (test_diagnostics.SummaryTests.test_command_tally_keeps_unknown_actions_out_of_named_buckets) ... ok
test_emit_is_fail_open (test_diagnostics.SummaryTests.test_emit_is_fail_open) ... ok
test_failed_action_flags_and_protocol_errors_stay_separate (test_diagnostics.SummaryTests.test_failed_action_flags_and_protocol_errors_stay_separate) ... ok
test_missing_cooldown_is_not_ready (test_diagnostics.SummaryTests.test_missing_cooldown_is_not_ready) ... ok
test_missing_health_is_unknown_not_dead (test_diagnostics.SummaryTests.test_missing_health_is_unknown_not_dead) ... ok
test_missing_robot_data_is_not_cleared_robots (test_diagnostics.SummaryTests.test_missing_robot_data_is_not_cleared_robots) ... ok
test_nonfinite_health_is_unknown (test_diagnostics.SummaryTests.test_nonfinite_health_is_unknown) ... ok
test_observed_zero_cooldown_is_ready (test_diagnostics.SummaryTests.test_observed_zero_cooldown_is_ready) ... ok
test_observed_zero_health_is_dead (test_diagnostics.SummaryTests.test_observed_zero_health_is_dead) ... ok
test_parse_failure_and_planner_exception_are_labelled (test_diagnostics.SummaryTests.test_parse_failure_and_planner_exception_are_labelled) ... ok
test_secret_sentinel_never_reaches_the_summary (test_diagnostics.SummaryTests.test_secret_sentinel_never_reaches_the_summary) ... ok
test_summary_does_not_mutate_the_observation (test_diagnostics.SummaryTests.test_summary_does_not_mutate_the_observation) ... ok
test_task_items_are_reported_as_inventory_hint_only (test_diagnostics.SummaryTests.test_task_items_are_reported_as_inventory_hint_only) ... ok
test_changed_document_does_not_revalidate_old_method (test_task_service_memory.ServiceMemoryTests.test_changed_document_does_not_revalidate_old_method) ... ok
test_check_is_a_command_not_an_answer (test_task_service_memory.ServiceMemoryTests.test_check_is_a_command_not_an_answer) ... ok
test_new_auth_failure_invalidates_old_hint (test_task_service_memory.ServiceMemoryTests.test_new_auth_failure_invalidates_old_hint) ... ok
test_new_episode_reuses_only_revalidated_service_method (test_task_service_memory.ServiceMemoryTests.test_new_episode_reuses_only_revalidated_service_method) ... ok
test_structured_tool_learns_only_correlated_document_bound_profile (test_task_service_memory.ServiceMemoryTests.test_structured_tool_learns_only_correlated_document_bound_profile) ... ok
test_unassociated_receipt_cannot_create_service_memory (test_task_service_memory.ServiceMemoryTests.test_unassociated_receipt_cannot_create_service_memory) ... ok
test_disappearance_after_submission_reports_delta_without_pass (test_task_service_memory.SubmissionEvidenceTests.test_disappearance_after_submission_reports_delta_without_pass) ... ok
test_gap_and_no_submission_never_imply_success (test_task_service_memory.SubmissionEvidenceTests.test_gap_and_no_submission_never_imply_success) ... ok

----------------------------------------------------------------------
Ran 99 tests in 1.687s

OK
3.11.10 (main, Oct 16 2024, 00:15:32) [MSC v.1929 64 bit (AMD64)]
