test_day_budget_and_tower_limit (test_baseline.BaselineTests.test_day_budget_and_tower_limit) ... ok
test_enemy_obstacles_and_noop_path (test_baseline.BaselineTests.test_enemy_obstacles_and_noop_path) ... ok
test_night_attack_and_cooldown (test_baseline.BaselineTests.test_night_attack_and_cooldown) ... ok
test_real_http_entrypoint (test_baseline.BaselineTests.test_real_http_entrypoint) ... ok
test_central_footprints_keep_vertical_fallback_under_reflection (test_defense_layout.ApproachPriorTests.test_central_footprints_keep_vertical_fallback_under_reflection) ... ok
test_mirrored_right_base_expects_the_west (test_defense_layout.ApproachPriorTests.test_mirrored_right_base_expects_the_west) ... ok
test_prior_is_stable_when_towers_and_walls_appear (test_defense_layout.ApproachPriorTests.test_prior_is_stable_when_towers_and_walls_appear) ... ok
test_reported_left_base_expects_the_east (test_defense_layout.ApproachPriorTests.test_reported_left_base_expects_the_east) ... ok
test_side_base_vertical_offset_does_not_rotate_front (test_defense_layout.ApproachPriorTests.test_side_base_vertical_offset_does_not_rotate_front) ... ok
test_side_priority_mirrors (test_defense_layout.ApproachPriorTests.test_side_priority_mirrors) ... ok
test_top_base_expects_the_south_and_bottom_base_the_north (test_defense_layout.ApproachPriorTests.test_top_base_expects_the_south_and_bottom_base_the_north) ... ok
test_cluster_on_the_approach_side_does_not_change_the_plan (test_defense_layout.DirectionalStressTests.test_cluster_on_the_approach_side_does_not_change_the_plan) ... ok
test_stress_cluster_is_on_the_approach_side (test_defense_layout.DirectionalStressTests.test_stress_cluster_is_on_the_approach_side) ... ok
test_towers_still_keep_distinct_stands_under_the_cluster (test_defense_layout.DirectionalStressTests.test_towers_still_keep_distinct_stands_under_the_cluster) ... ok
test_exit_is_away_from_the_approach_on_all_four_sides (test_defense_layout.ExitTests.test_exit_is_away_from_the_approach_on_all_four_sides) ... ok
test_exit_never_overlaps_the_wall_order (test_defense_layout.ExitTests.test_exit_never_overlaps_the_wall_order) ... ok
test_fully_walled_ring_is_reported_not_hidden (test_defense_layout.ExitTests.test_fully_walled_ring_is_reported_not_hidden) ... ok
test_legacy_walls_keep_a_usable_exit_through_the_caller (test_defense_layout.ExitTests.test_legacy_walls_keep_a_usable_exit_through_the_caller) ... ok
test_pre_walled_rear_keeps_a_usable_opening (test_defense_layout.ExitTests.test_pre_walled_rear_keeps_a_usable_opening) ... ok
test_water_strip_beyond_the_rear_ring_moves_the_exit (test_defense_layout.ExitTests.test_water_strip_beyond_the_rear_ring_moves_the_exit) ... ok
test_day_plan_issues_no_conflicting_builds (test_defense_layout.IntegrationTests.test_day_plan_issues_no_conflicting_builds) ... ok
test_first_tower_faces_the_approach (test_defense_layout.IntegrationTests.test_first_tower_faces_the_approach) ... ok
test_pioneer_can_leave_a_completed_ring (test_defense_layout.IntegrationTests.test_pioneer_can_leave_a_completed_ring) ... ok
test_wall_priority_starts_on_the_approach_side (test_defense_layout.IntegrationTests.test_wall_priority_starts_on_the_approach_side) ... ok
test_existing_towers_are_retained_and_never_duplicated (test_defense_layout.TowerSiteTests.test_existing_towers_are_retained_and_never_duplicated) ... ok
test_partially_blocked_front_is_avoided_and_still_controllable (test_defense_layout.TowerSiteTests.test_partially_blocked_front_is_avoided_and_still_controllable) ... ok
test_sites_are_deterministic_and_tower_count_is_capped (test_defense_layout.TowerSiteTests.test_sites_are_deterministic_and_tower_count_is_capped) ... ok
test_sites_do_not_change_when_the_ring_goes_up (test_defense_layout.TowerSiteTests.test_sites_do_not_change_when_the_ring_goes_up) ... ok
test_spaced_sites_keep_exit_connected (test_defense_layout.TowerSiteTests.test_spaced_sites_keep_exit_connected) ... ok
test_spaced_towers_keep_middle_on_the_east (test_defense_layout.TowerSiteTests.test_spaced_towers_keep_middle_on_the_east) ... ok
test_spaced_towers_keep_middle_on_the_west (test_defense_layout.TowerSiteTests.test_spaced_towers_keep_middle_on_the_west) ... ok
test_three_towers_keep_distinct_controller_cells (test_defense_layout.TowerSiteTests.test_three_towers_keep_distinct_controller_cells) ... ok
test_vertical_base_puts_the_towers_on_the_south (test_defense_layout.TowerSiteTests.test_vertical_base_puts_the_towers_on_the_south) ... ok
test_edge_base_uses_a_reachable_fallback_without_holes (test_defense_layout.WallRingTests.test_edge_base_uses_a_reachable_fallback_without_holes) ... ok
test_mirrored_base_is_the_horizontal_mirror (test_defense_layout.WallRingTests.test_mirrored_base_is_the_horizontal_mirror) ... ok
test_reported_base_has_no_hole_and_an_east_front (test_defense_layout.WallRingTests.test_reported_base_has_no_hole_and_an_east_front) ... ok
test_ring_is_deterministic (test_defense_layout.WallRingTests.test_ring_is_deterministic) ... ok
test_vertical_base_puts_the_front_south_and_the_exit_north (test_defense_layout.WallRingTests.test_vertical_base_puts_the_front_south_and_the_exit_north) ... ok
test_added_existing_tower_invalidates_cached_sites (test_defense_delivery.DefenceDeliveryTests.test_added_existing_tower_invalidates_cached_sites) ... ok
test_terrain_change_invalidates_cached_rear_exit (test_defense_delivery.DefenceDeliveryTests.test_terrain_change_invalidates_cached_rear_exit) ... ok
test_web_simulator_builds_approach_towers_and_front_walls_on_both_sides (test_defense_delivery.DefenceDeliveryTests.test_web_simulator_builds_approach_towers_and_front_walls_on_both_sides) ... ok
test_collects_at_mine_instead_of_returning_to_tower (test_nightwork.QuietNightTests.test_collects_at_mine_instead_of_returning_to_tower) ... ok
test_day_and_first_night_round_do_not_start_night_jobs (test_nightwork.QuietNightTests.test_day_and_first_night_round_do_not_start_night_jobs) ... ok
test_dead_robot_does_not_block_clearance (test_nightwork.QuietNightTests.test_dead_robot_does_not_block_clearance) ... ok
test_far_mine_full_backpack_and_sufficient_stone_do_not_send_worker (test_nightwork.QuietNightTests.test_far_mine_full_backpack_and_sufficient_stone_do_not_send_worker) ... ok
test_guard_missing_or_away_prevents_departure (test_nightwork.QuietNightTests.test_guard_missing_or_away_prevents_departure) ... ok
test_holding_medicine_heals_without_a_purchase (test_nightwork.QuietNightTests.test_holding_medicine_heals_without_a_purchase) ... ok
test_live_robot_anywhere_immediately_cancels_work_and_returns (test_nightwork.QuietNightTests.test_live_robot_anywhere_immediately_cancels_work_and_returns) ... ok
test_missing_robot_observation_is_not_assumed_clear (test_nightwork.QuietNightTests.test_missing_robot_observation_is_not_assumed_clear) ... ok
test_no_hidden_fields_or_mutation_or_night_builds (test_nightwork.QuietNightTests.test_no_hidden_fields_or_mutation_or_night_builds) ... ok
test_one_worker_leaves_other_keeps_post (test_nightwork.QuietNightTests.test_one_worker_leaves_other_keeps_post) ... ok
test_repair_threshold_uses_actual_hp_of_each_wall_level (test_nightwork.QuietNightTests.test_repair_threshold_uses_actual_hp_of_each_wall_level) ... ok
test_sells_surplus_but_keeps_stone_for_morning (test_nightwork.QuietNightTests.test_sells_surplus_but_keeps_stone_for_morning) ... ok
test_shop_respects_budget_and_does_not_buy_owned_supplies (test_nightwork.QuietNightTests.test_shop_respects_budget_and_does_not_buy_owned_supplies) ... ok
test_two_workers_do_not_upgrade_same_building_twice (test_nightwork.QuietNightTests.test_two_workers_do_not_upgrade_same_building_twice) ... ok
test_visible_enemy_crew_nearby_prevents_work (test_nightwork.QuietNightTests.test_visible_enemy_crew_nearby_prevents_work) ... ok
test_both_forward_halves_before_rear_halves_mirrored (test_front_wall_interior.FrontWallTests.test_both_forward_halves_before_rear_halves_mirrored) ... ok
test_build_type_survives_fixed_slot_reordering (test_front_wall_interior.FrontWallTests.test_build_type_survives_fixed_slot_reordering) ... ok
test_defending_pioneer_also_returns_but_active_task_is_not_forced_out (test_front_wall_interior.FrontWallTests.test_defending_pioneer_also_returns_but_active_task_is_not_forced_out) ... ok
test_fourth_night_blocks_treasure_and_task_arbitration_even_after_clearance (test_front_wall_interior.FrontWallTests.test_fourth_night_blocks_treasure_and_task_arbitration_even_after_clearance) ... ok
test_fourth_night_boundary_does_not_disable_daytime (test_front_wall_interior.FrontWallTests.test_fourth_night_boundary_does_not_disable_daytime) ... ok
test_fourth_night_cancels_clear_field_external_work (test_front_wall_interior.FrontWallTests.test_fourth_night_cancels_clear_field_external_work) ... ok
test_front_repair_uses_one_action_then_resumes_post (test_front_wall_interior.FrontWallTests.test_front_repair_uses_one_action_then_resumes_post) ... ok
test_interior_path_cannot_detour_outside (test_front_wall_interior.FrontWallTests.test_interior_path_cannot_detour_outside) ... ok
test_no_combat_repair_when_only_worker_or_outside (test_front_wall_interior.FrontWallTests.test_no_combat_repair_when_only_worker_or_outside) ... ok
test_outside_adjacent_controller_returns_instead_of_firing (test_front_wall_interior.FrontWallTests.test_outside_adjacent_controller_returns_instead_of_firing) ... ok
test_outside_worker_returns_even_without_any_gun (test_front_wall_interior.FrontWallTests.test_outside_worker_returns_even_without_any_gun) ... ok
test_quiet_external_mining_preserved_and_new_robot_aborts (test_front_wall_interior.FrontWallTests.test_quiet_external_mining_preserved_and_new_robot_aborts) ... ok
test_return_routes_around_front_wall_and_does_not_collide (test_front_wall_interior.FrontWallTests.test_return_routes_around_front_wall_and_does_not_collide) ... ok
test_sealed_ring_does_not_teleport_remove_or_attack_from_outside (test_front_wall_interior.FrontWallTests.test_sealed_ring_does_not_teleport_remove_or_attack_from_outside) ... ok
test_spaced_roster_has_three_distinct_transverse_positions (test_front_wall_interior.FrontWallTests.test_spaced_roster_has_three_distinct_transverse_positions) ... ok
test_weapon_level_three_outranks_healthy_base_but_not_emergency (test_front_wall_interior.FrontWallTests.test_weapon_level_three_outranks_healthy_base_but_not_emergency) ... ok
test_goldNum_is_authoritative_and_missing_is_not_zero (test_issue27_economy.Issue27Tests.test_goldNum_is_authoritative_and_missing_is_not_zero) ... ok
test_markdown_submission_section_uses_structure_not_example_values (test_issue27_economy.Issue27Tests.test_markdown_submission_section_uses_structure_not_example_values) ... ok
test_standalone_check_conversion_is_narrow (test_issue27_economy.Issue27Tests.test_standalone_check_conversion_is_narrow) ... ok
test_mixed_default_and_idle_worker_fills_ready_adjacent_weapon (test_issue27_economy.ReadinessTests.test_mixed_default_and_idle_worker_fills_ready_adjacent_weapon) ... ok
test_base_and_wall_vouchers_are_eligible_and_carried_item_needs_no_shop (test_issue27_economy.UpgradeTests.test_base_and_wall_vouchers_are_eligible_and_carried_item_needs_no_shop) ... ok
test_current_day_plan_does_not_override_shopping_with_wall_work (test_issue27_economy.UpgradeTests.test_current_day_plan_does_not_override_shopping_with_wall_work) ... ok
test_far_shop_real_buy_return_use_both_sides (test_issue27_economy.UpgradeTests.test_far_shop_real_buy_return_use_both_sides) ... ok
test_guard_budget_time_full_bag_and_vendor_only (test_issue27_economy.UpgradeTests.test_guard_budget_time_full_bag_and_vendor_only) ... ok
test_absent_or_non_list_errors_stay_unknown_not_zero (test_diagnostics.ErrorAndEnrichmentTests.test_absent_or_non_list_errors_stay_unknown_not_zero) ... ok
test_bounded_evidence_from_the_actual_request (test_diagnostics.ErrorAndEnrichmentTests.test_bounded_evidence_from_the_actual_request) ... ok
test_decision_report_is_optional_and_bounded (test_diagnostics.ErrorAndEnrichmentTests.test_decision_report_is_optional_and_bounded) ... ok
test_empty_error_list_is_an_observed_zero (test_diagnostics.ErrorAndEnrichmentTests.test_empty_error_list_is_an_observed_zero) ... ok
test_malformed_error_values_count_as_unknown (test_diagnostics.ErrorAndEnrichmentTests.test_malformed_error_values_count_as_unknown) ... ok
test_missing_target_team_stays_unknown (test_diagnostics.ErrorAndEnrichmentTests.test_missing_target_team_stays_unknown) ... ok
test_mixed_error_codes_are_categorized_exactly (test_diagnostics.ErrorAndEnrichmentTests.test_mixed_error_codes_are_categorized_exactly) ... ok
test_task_and_answer_failures_are_not_protocol_errors (test_diagnostics.ErrorAndEnrichmentTests.test_task_and_answer_failures_are_not_protocol_errors) ... ok
test_missing_manifest_in_repo_checkout_uses_git_commit (test_diagnostics.IdentityTests.test_missing_manifest_in_repo_checkout_uses_git_commit) ... ok
test_tampered_manifest_is_not_trusted (test_diagnostics.IdentityTests.test_tampered_manifest_is_not_trusted) ... ok
test_unsafe_manifest_paths_are_rejected_without_echo (test_diagnostics.IdentityTests.test_unsafe_manifest_paths_are_rejected_without_echo) ... ok
test_verified_manifest_outranks_parent_git_commit (test_diagnostics.IdentityTests.test_verified_manifest_outranks_parent_git_commit) ... ok
test_boolean_pending_state_and_advice_survive (test_diagnostics.IntegratedDecisionTests.test_boolean_pending_state_and_advice_survive) ... ok
test_channel_only_response_is_distinguished_from_truly_empty (test_diagnostics.SummaryTests.test_channel_only_response_is_distinguished_from_truly_empty) ... ok
test_command_tally_keeps_unknown_actions_out_of_named_buckets (test_diagnostics.SummaryTests.test_command_tally_keeps_unknown_actions_out_of_named_buckets) ... ok
test_emit_is_fail_open (test_diagnostics.SummaryTests.test_emit_is_fail_open) ... ok
test_failed_action_flags_and_protocol_errors_stay_separate (test_diagnostics.SummaryTests.test_failed_action_flags_and_protocol_errors_stay_separate) ... ok
test_missing_cooldown_is_not_ready (test_diagnostics.SummaryTests.test_missing_cooldown_is_not_ready) ... ok
test_missing_health_is_unknown_not_dead (test_diagnostics.SummaryTests.test_missing_health_is_unknown_not_dead) ... ok
test_missing_robot_data_is_not_cleared_robots (test_diagnostics.SummaryTests.test_missing_robot_data_is_not_cleared_robots) ... ok
test_nonfinite_health_is_unknown (test_diagnostics.SummaryTests.test_nonfinite_health_is_unknown) ... ok
test_observed_zero_cooldown_is_ready (test_diagnostics.SummaryTests.test_observed_zero_cooldown_is_ready) ... ok
test_observed_zero_health_is_dead (test_diagnostics.SummaryTests.test_observed_zero_health_is_dead) ... ok
test_parse_failure_and_planner_exception_are_labelled (test_diagnostics.SummaryTests.test_parse_failure_and_planner_exception_are_labelled) ... ok
test_secret_sentinel_never_reaches_the_summary (test_diagnostics.SummaryTests.test_secret_sentinel_never_reaches_the_summary) ... ok
test_summary_does_not_mutate_the_observation (test_diagnostics.SummaryTests.test_summary_does_not_mutate_the_observation) ... ok
test_task_items_are_reported_as_inventory_hint_only (test_diagnostics.SummaryTests.test_task_items_are_reported_as_inventory_hint_only) ... ok
test_both_base_adjacent_vendor_cells_are_reachable_from_the_worker (test_metal_economy.BoardGeometryTests.test_both_base_adjacent_vendor_cells_are_reachable_from_the_worker) ... ok
test_worker_and_mine_are_legal_adjacent_ground_outside_the_ring (test_metal_economy.BoardGeometryTests.test_worker_and_mine_are_legal_adjacent_ground_outside_the_ring) ... ok
test_another_workers_errand_is_not_bypassed (test_metal_economy.MetalCollectionTests.test_another_workers_errand_is_not_bypassed) ... ok
test_both_sides_get_the_same_metal_decision (test_metal_economy.MetalCollectionTests.test_both_sides_get_the_same_metal_decision) ... ok
test_completed_defence_with_adjacent_copper_collects_copper (test_metal_economy.MetalCollectionTests.test_completed_defence_with_adjacent_copper_collects_copper) ... ok
test_dearest_published_ore_wins_and_reversed_prices_reverse_it (test_metal_economy.MetalCollectionTests.test_dearest_published_ore_wins_and_reversed_prices_reverse_it) ... ok
test_defence_construction_keeps_priority_over_metal (test_metal_economy.MetalCollectionTests.test_defence_construction_keeps_priority_over_metal) ... ok
test_dusk_and_night_start_no_new_daytime_mining (test_metal_economy.MetalCollectionTests.test_dusk_and_night_start_no_new_daytime_mining) ... ok
test_inaccessible_vendor_prevents_starting_metal_mining (test_metal_economy.MetalCollectionTests.test_inaccessible_vendor_prevents_starting_metal_mining) ... ok
test_iron_only_board_collects_iron (test_metal_economy.MetalCollectionTests.test_iron_only_board_collects_iron) ... ok
test_missing_tower_wins_over_metal_with_site_budget_and_route (test_metal_economy.MetalCollectionTests.test_missing_tower_wins_over_metal_with_site_budget_and_route)
A real, reachable tower site plus enough gold must still be built. ... ok
test_no_mine_out_of_range_and_full_backpack_issue_nothing (test_metal_economy.MetalCollectionTests.test_no_mine_out_of_range_and_full_backpack_issue_nothing) ... ok
test_ore_without_a_published_price_is_never_mined (test_metal_economy.MetalCollectionTests.test_ore_without_a_published_price_is_never_mined) ... ok
test_unreachable_vendor_walk_keeps_the_loaded_worker_in_place (test_metal_economy.MetalCollectionTests.test_unreachable_vendor_walk_keeps_the_loaded_worker_in_place) ... ok
test_worker_with_a_full_metal_bag_walks_toward_the_vendor (test_metal_economy.MetalCollectionTests.test_worker_with_a_full_metal_bag_walks_toward_the_vendor) ... ok
test_real_map_mine_carry_sell_raises_gold (test_metal_economy.RealBoardChainTests.test_real_map_mine_carry_sell_raises_gold) ... ok
test_a_missing_price_stops_the_loop_instead_of_stockpiling (test_metal_economy.RealRoundChainTests.test_a_missing_price_stops_the_loop_instead_of_stockpiling) ... ok
test_iron_only_board_runs_the_same_chain (test_metal_economy.RealRoundChainTests.test_iron_only_board_runs_the_same_chain) ... ok
test_mine_carry_sell_increases_gold_without_privileged_inputs (test_metal_economy.RealRoundChainTests.test_mine_carry_sell_increases_gold_without_privileged_inputs) ... ok
test_night_keeps_the_crew_home_and_issues_no_collect (test_metal_economy.RealRoundChainTests.test_night_keeps_the_crew_home_and_issues_no_collect) ... ok
test_sell_uses_the_published_price_and_rejects_unlisted_ore (test_metal_economy.SellPolicyTests.test_sell_uses_the_published_price_and_rejects_unlisted_ore) ... ok
test_selling_is_only_issued_next_to_the_vendor (test_metal_economy.SellPolicyTests.test_selling_is_only_issued_next_to_the_vendor) ... ok
test_surplus_metal_alone_does_not_trigger_a_sale (test_metal_economy.SellPolicyTests.test_surplus_metal_alone_does_not_trigger_a_sale) ... ok
test_the_stone_reserve_is_kept_when_metal_is_sold (test_metal_economy.SellPolicyTests.test_the_stone_reserve_is_kept_when_metal_is_sold) ... ok
test_absent_guard_returns_before_pioneer_leaves (test_treasure_night_staging.TreasureNightStagingTests.test_absent_guard_returns_before_pioneer_leaves) ... ok
test_confirmed_worker_loss_allows_one_ready_guard_on_a_cleared_field (test_treasure_night_staging.TreasureNightStagingTests.test_confirmed_worker_loss_allows_one_ready_guard_on_a_cleared_field) ... ok
test_geometric_radius_does_not_bypass_a_blocked_return_route (test_treasure_night_staging.TreasureNightStagingTests.test_geometric_radius_does_not_bypass_a_blocked_return_route) ... ok
test_missing_observation_task_materials_and_uncertainty_block_staging (test_treasure_night_staging.TreasureNightStagingTests.test_missing_observation_task_materials_and_uncertainty_block_staging) ... ok
test_missing_worker_or_unknown_health_is_not_a_confirmed_loss (test_treasure_night_staging.TreasureNightStagingTests.test_missing_worker_or_unknown_health_is_not_a_confirmed_loss) ... ok
test_new_threat_aborts_hold_and_restores_defence (test_treasure_night_staging.TreasureNightStagingTests.test_new_threat_aborts_hold_and_restores_defence) ... ok
test_projected_route_vacates_only_its_own_previous_position (test_treasure_night_staging.TreasureNightStagingTests.test_projected_route_vacates_only_its_own_previous_position) ... ok
test_reduced_crew_waits_for_guard_and_aborts_on_any_new_robot (test_treasure_night_staging.TreasureNightStagingTests.test_reduced_crew_waits_for_guard_and_aborts_on_any_new_robot) ... ok
test_two_guards_stay_ready_and_pioneer_holds_at_four_cell_boundary (test_treasure_night_staging.TreasureNightStagingTests.test_two_guards_stay_ready_and_pioneer_holds_at_four_cell_boundary) ... ok
test_unreachable_guard_opens_one_own_wall_then_uses_the_new_route (test_treasure_night_staging.TreasureNightStagingTests.test_unreachable_guard_opens_one_own_wall_then_uses_the_new_route) ... ok
test_whole_planner_preserves_staging_against_later_task_hold (test_treasure_night_staging.TreasureNightStagingTests.test_whole_planner_preserves_staging_against_later_task_hold) ... ok
test_all_cooling_does_not_fall_back_to_ready_map_zones (test_policy_architecture.AcceptanceTests.test_all_cooling_does_not_fall_back_to_ready_map_zones) ... ok
test_backoff_and_submissions_survive_simulator_json_roundtrip (test_policy_architecture.AcceptanceTests.test_backoff_and_submissions_survive_simulator_json_roundtrip) ... ok
test_cooling_point_cannot_borrow_another_points_readiness (test_policy_architecture.AcceptanceTests.test_cooling_point_cannot_borrow_another_points_readiness) ... ok
test_delayed_description_preserves_acceptance_round (test_policy_architecture.AcceptanceTests.test_delayed_description_preserves_acceptance_round) ... ok
test_explicit_rejection_is_not_a_successful_task (test_policy_architecture.AcceptanceTests.test_explicit_rejection_is_not_a_successful_task) ... ok
test_missing_task_observation_waits_then_backs_off_without_solver_calls (test_policy_architecture.AcceptanceTests.test_missing_task_observation_waits_then_backs_off_without_solver_calls) ... ok
test_unknown_deadline_is_unknown (test_policy_architecture.AcceptanceTests.test_unknown_deadline_is_unknown) ... ok
test_dusk_task_cannot_overwrite_return_to_damaged_base (test_policy_architecture.ArbitrationTests.test_dusk_task_cannot_overwrite_return_to_damaged_base) ... ok
test_far_opponents_wave_does_not_claim_our_pioneer (test_policy_architecture.ArbitrationTests.test_far_opponents_wave_does_not_claim_our_pioneer) ... ok
test_preview_does_not_mutate_supervisor_or_task_memory (test_policy_architecture.ArbitrationTests.test_preview_does_not_mutate_supervisor_or_task_memory) ... ok
test_threatened_night_reclaims_pioneer_from_task_hold (test_policy_architecture.ArbitrationTests.test_threatened_night_reclaims_pioneer_from_task_hold) ... ok
test_explicit_role_action_releases_attack_claim (test_policy_architecture.ControllerBudgetTests.test_explicit_role_action_releases_attack_claim) ... ok
test_two_weapons_cannot_claim_same_controller (test_policy_architecture.ControllerBudgetTests.test_two_weapons_cannot_claim_same_controller) ... ok
test_preview_backoff_does_not_mutate_live_nested_notes (test_policy_architecture.IsolationTests.test_preview_backoff_does_not_mutate_live_nested_notes) ... ok
test_reconstruct_running_task_at_second_point_instead_of_first (test_policy_architecture.IsolationTests.test_reconstruct_running_task_at_second_point_instead_of_first) ... ok
test_global_range_does_not_make_opposing_wave_near_our_base (test_policy_architecture.PressureTests.test_global_range_does_not_make_opposing_wave_near_our_base) ... ok
test_intact_base_preserves_funded_day_itinerary (test_policy_architecture.PressureTests.test_intact_base_preserves_funded_day_itinerary) ... ok
test_private_treasure_cannot_exempt_pioneer_from_return (test_policy_architecture.PressureTests.test_private_treasure_cannot_exempt_pioneer_from_return) ... ok
test_two_workers_cover_low_observed_pressure_but_not_large_robot (test_policy_architecture.PressureTests.test_two_workers_cover_low_observed_pressure_but_not_large_robot) ... ok
test_unknown_target_is_counted_as_pressure (test_policy_architecture.PressureTests.test_unknown_target_is_counted_as_pressure) ... ok
test_explicit_empty_task_list_does_not_invent_map_offers (test_policy_architecture.PublishedOfferTests.test_explicit_empty_task_list_does_not_invent_map_offers) ... ok
test_unvalidated_healthy_base_risk_is_advice_only (test_policy_architecture.RolloutTests.test_unvalidated_healthy_base_risk_is_advice_only) ... ok

----------------------------------------------------------------------
Ran 164 tests in 31.541s

OK
