test_cat_echo_llm_claims_and_stale_outputs_are_not_checks (test_task_progress.ProgressTests.test_cat_echo_llm_claims_and_stale_outputs_are_not_checks) ... ok
test_check_failure_timeout_and_truncation_never_pass (test_task_progress.ProgressTests.test_check_failure_timeout_and_truncation_never_pass) ... ok
test_check_submit_and_increased_score_do_not_invent_success (test_task_progress.ProgressTests.test_check_submit_and_increased_score_do_not_invent_success) ... ok
test_failed_answer_then_resubmit_records_both_attempts (test_task_progress.ProgressTests.test_failed_answer_then_resubmit_records_both_attempts) ... ok
test_final_answer_error_is_visible_without_changing_legacy_unknown (test_task_progress.ProgressTests.test_final_answer_error_is_visible_without_changing_legacy_unknown) ... ok
test_gap_replacement_and_streams_do_not_transfer_check_success (test_task_progress.ProgressTests.test_gap_replacement_and_streams_do_not_transfer_check_success) ... ok
test_reset_duplicate_and_idle_do_not_create_extra_summaries (test_task_progress.ProgressTests.test_reset_duplicate_and_idle_do_not_create_extra_summaries) ... ok
test_structured_check_uses_inner_exit_and_output (test_task_progress.ProgressTests.test_structured_check_uses_inner_exit_and_output) ... ok
test_check_timeout_is_bounded_and_not_a_pass (test_task_tools.TaskToolsTests.test_check_timeout_is_bounded_and_not_a_pass) ... ok
test_crlf_check_preserves_source_and_exit_status (test_task_tools.TaskToolsTests.test_crlf_check_preserves_source_and_exit_status) ... ok
test_error_driven_auth_and_parameter_recovery_encodes_unicode (test_task_tools.TaskToolsTests.test_error_driven_auth_and_parameter_recovery_encodes_unicode) ... ok
test_existing_query_unicode_is_encoded_and_profile_has_no_query (test_task_tools.TaskToolsTests.test_existing_query_unicode_is_encoded_and_profile_has_no_query) ... ok
test_invalid_arguments_and_unrecognized_command_rejected (test_task_tools.TaskToolsTests.test_invalid_arguments_and_unrecognized_command_rejected) ... ok
test_list_and_empty_data_are_preserved_without_guessing_answer (test_task_tools.TaskToolsTests.test_list_and_empty_data_are_preserved_without_guessing_answer) ... ok
test_no_auth_hint_no_guess_and_multiple_business_params_no_rename (test_task_tools.TaskToolsTests.test_no_auth_hint_no_guess_and_multiple_business_params_no_rename) ... ok
test_redirect_does_not_leak_headers_and_truncation_prevents_profile (test_task_tools.TaskToolsTests.test_redirect_does_not_leak_headers_and_truncation_prevents_profile) ... ok
test_rendered_shell_http_command_keeps_unicode_parameters (test_task_tools.TaskToolsTests.test_rendered_shell_http_command_keeps_unicode_parameters) ... ok
test_duplicate_names_do_not_read_an_arbitrary_task (test_task_workspace.WorkspaceTests.test_duplicate_names_do_not_read_an_arbitrary_task) ... ok
test_explicit_absolute_file_beats_same_name_elsewhere (test_task_workspace.WorkspaceTests.test_explicit_absolute_file_beats_same_name_elsewhere) ... ok
test_literal_spaces_quotes_unicode_and_shell_metacharacters (test_task_workspace.WorkspaceTests.test_literal_spaces_quotes_unicode_and_shell_metacharacters) ... ok
test_missing_is_explicit_and_large_source_is_marked (test_task_workspace.WorkspaceTests.test_missing_is_explicit_and_large_source_is_marked) ... ok
test_nested_task_and_sibling_document_in_one_operation (test_task_workspace.WorkspaceTests.test_nested_task_and_sibling_document_in_one_operation) ... ok
test_reference_is_data_and_multiple_references_fall_back (test_task_workspace.WorkspaceTests.test_reference_is_data_and_multiple_references_fall_back) ... ok
test_symbolic_file_is_not_read (test_task_workspace.WorkspaceTests.test_symbolic_file_is_not_read) ... ok
test_virtual_fixture_parity_and_no_arbitrary_execution (test_task_workspace.WorkspaceTests.test_virtual_fixture_parity_and_no_arbitrary_execution) ... ok
test_api_and_engineering_variants_both_teams (test_task_pipeline_linux.LinuxPipelineTests.test_api_and_engineering_variants_both_teams) ... ok

----------------------------------------------------------------------
Ran 26 tests in 23.554s

OK
