test_actual_http_bytes_unchanged_when_trace_fails (test_task_journal.TaskJournalTests.test_actual_http_bytes_unchanged_when_trace_fails) ... ok
test_agent_stop_reason_and_counts_change_without_repeating_idle (test_task_journal.TaskJournalTests.test_agent_stop_reason_and_counts_change_without_repeating_idle) ... ok
test_bounded_streams_and_long_content_redacted_before_truncation (test_task_journal.TaskJournalTests.test_bounded_streams_and_long_content_redacted_before_truncation) ... ok
test_catalog_effects_are_sourced_without_inventing_unknown_items (test_task_journal.TaskJournalTests.test_catalog_effects_are_sourced_without_inventing_unknown_items) ... ok
test_console_without_trace_and_off_or_broken_sink_are_safe (test_task_journal.TaskJournalTests.test_console_without_trace_and_off_or_broken_sink_are_safe) ... ok
test_gap_reset_and_teams_do_not_share_context (test_task_journal.TaskJournalTests.test_gap_reset_and_teams_do_not_share_context) ... ok
test_offline_export_keeps_full_task_text_and_trace_quality_without_maps (test_task_journal.TaskJournalTests.test_offline_export_keeps_full_task_text_and_trace_quality_without_maps) ... ok
test_question_model_tool_answer_and_end_are_visible_without_inferred_success (test_task_journal.TaskJournalTests.test_question_model_tool_answer_and_end_are_visible_without_inferred_success) ... ok
test_repeated_results_are_suppressed_but_new_identical_requests_are_not (test_task_journal.TaskJournalTests.test_repeated_results_are_suppressed_but_new_identical_requests_are_not) ... ok
test_trading_catalog_distinguishes_missing_empty_and_invalid (test_task_journal.TaskJournalTests.test_trading_catalog_distinguishes_missing_empty_and_invalid) ... ok
test_trading_catalog_is_bounded_and_keeps_new_games_separate (test_task_journal.TaskJournalTests.test_trading_catalog_is_bounded_and_keeps_new_games_separate) ... ok
test_trading_catalog_lists_observed_positions_prices_and_changes_only (test_task_journal.TaskJournalTests.test_trading_catalog_lists_observed_positions_prices_and_changes_only) ... ok
test_goldNum_is_authoritative_and_missing_is_not_zero (test_issue27_economy.Issue27Tests.test_goldNum_is_authoritative_and_missing_is_not_zero) ... ok
test_markdown_submission_section_uses_structure_not_example_values (test_issue27_economy.Issue27Tests.test_markdown_submission_section_uses_structure_not_example_values) ... ok
test_standalone_check_conversion_is_narrow (test_issue27_economy.Issue27Tests.test_standalone_check_conversion_is_narrow) ... ok
test_mixed_default_and_idle_worker_fills_ready_adjacent_weapon (test_issue27_economy.ReadinessTests.test_mixed_default_and_idle_worker_fills_ready_adjacent_weapon) ... ok
test_base_and_wall_vouchers_are_eligible_and_carried_item_needs_no_shop (test_issue27_economy.UpgradeTests.test_base_and_wall_vouchers_are_eligible_and_carried_item_needs_no_shop) ... ok
test_current_day_plan_does_not_override_shopping_with_wall_work (test_issue27_economy.UpgradeTests.test_current_day_plan_does_not_override_shopping_with_wall_work) ... ok
test_far_shop_real_buy_return_use_both_sides (test_issue27_economy.UpgradeTests.test_far_shop_real_buy_return_use_both_sides) ... ok
test_guard_budget_time_full_bag_and_vendor_only (test_issue27_economy.UpgradeTests.test_guard_budget_time_full_bag_and_vendor_only) ... ok
test_fenced_command_and_bare_verified_token_submit_without_extra_round (test_task_answer_contract.ContractPipelineTests.test_fenced_command_and_bare_verified_token_submit_without_extra_round) ... ok
test_issue26_instruction_echo_is_rejected_and_corrected_on_both_sides (test_task_answer_contract.ContractPipelineTests.test_issue26_instruction_echo_is_rejected_and_corrected_on_both_sides) ... ok
test_wrong_shape_replans_locally_without_emitting_invalid_submission (test_task_answer_contract.ContractPipelineTests.test_wrong_shape_replans_locally_without_emitting_invalid_submission) ... ok
test_api_contract_prevents_scalar_and_missing_fields_not_wrong_numbers (test_task_answer_contract.ContractTests.test_api_contract_prevents_scalar_and_missing_fields_not_wrong_numbers) ... ok
test_exact_confirmed_syntax_failure_is_not_reissued (test_task_answer_contract.ContractTests.test_exact_confirmed_syntax_failure_is_not_reissued) ... ok
test_observed_heredoc_family_and_valid_literal_content (test_task_answer_contract.ContractTests.test_observed_heredoc_family_and_valid_literal_content) ... ok
test_only_named_task_file_not_api_response_examples_defines_contract (test_task_answer_contract.ContractTests.test_only_named_task_file_not_api_response_examples_defines_contract) ... ok
test_strict_single_fence_keeps_nonce_and_duplicate_key_checks (test_task_answer_contract.ContractTests.test_strict_single_fence_keeps_nonce_and_duplicate_key_checks) ... ok
test_token_format_repair_requires_actual_successful_check (test_task_answer_contract.ContractTests.test_token_format_repair_requires_actual_successful_check) ... ok
test_unknown_numeric_and_conflicting_contracts_are_not_invented (test_task_answer_contract.ContractTests.test_unknown_numeric_and_conflicting_contracts_are_not_invented) ... ok
test_check_timeout_is_bounded_and_not_a_pass (test_task_tools.TaskToolsTests.test_check_timeout_is_bounded_and_not_a_pass) ... ok
test_crlf_check_preserves_source_and_exit_status (test_task_tools.TaskToolsTests.test_crlf_check_preserves_source_and_exit_status) ... ok
test_error_driven_auth_and_parameter_recovery_encodes_unicode (test_task_tools.TaskToolsTests.test_error_driven_auth_and_parameter_recovery_encodes_unicode) ... ok
test_existing_query_unicode_is_encoded_and_profile_has_no_query (test_task_tools.TaskToolsTests.test_existing_query_unicode_is_encoded_and_profile_has_no_query) ... ok
test_invalid_arguments_and_unrecognized_command_rejected (test_task_tools.TaskToolsTests.test_invalid_arguments_and_unrecognized_command_rejected) ... ok
test_list_and_empty_data_are_preserved_without_guessing_answer (test_task_tools.TaskToolsTests.test_list_and_empty_data_are_preserved_without_guessing_answer) ... ok
test_no_auth_hint_no_guess_and_multiple_business_params_no_rename (test_task_tools.TaskToolsTests.test_no_auth_hint_no_guess_and_multiple_business_params_no_rename) ... ok
test_redirect_does_not_leak_headers_and_truncation_prevents_profile (test_task_tools.TaskToolsTests.test_redirect_does_not_leak_headers_and_truncation_prevents_profile) ... ok
test_rendered_shell_http_command_keeps_unicode_parameters (test_task_tools.TaskToolsTests.test_rendered_shell_http_command_keeps_unicode_parameters) ... ok
test_duplicate_names_do_not_read_an_arbitrary_task (test_task_workspace.WorkspaceTests.test_duplicate_names_do_not_read_an_arbitrary_task) ... ok
test_explicit_absolute_file_beats_same_name_elsewhere (test_task_workspace.WorkspaceTests.test_explicit_absolute_file_beats_same_name_elsewhere) ... ok
test_literal_spaces_quotes_unicode_and_shell_metacharacters (test_task_workspace.WorkspaceTests.test_literal_spaces_quotes_unicode_and_shell_metacharacters) ... ok
test_missing_is_explicit_and_large_source_is_marked (test_task_workspace.WorkspaceTests.test_missing_is_explicit_and_large_source_is_marked) ... ok
test_nested_task_and_sibling_document_in_one_operation (test_task_workspace.WorkspaceTests.test_nested_task_and_sibling_document_in_one_operation) ... ok
test_reference_is_data_and_multiple_references_fall_back (test_task_workspace.WorkspaceTests.test_reference_is_data_and_multiple_references_fall_back) ... ok
test_symbolic_file_is_not_read (test_task_workspace.WorkspaceTests.test_symbolic_file_is_not_read) ... ok
test_virtual_fixture_parity_and_no_arbitrary_execution (test_task_workspace.WorkspaceTests.test_virtual_fixture_parity_and_no_arbitrary_execution) ... ok
test_api_and_engineering_variants_both_teams (test_task_pipeline_linux.LinuxPipelineTests.test_api_and_engineering_variants_both_teams) ... ok

----------------------------------------------------------------------
Ran 48 tests in 28.494s

OK
